// Jest Snapshot v1, https://goo.gl/fbAQLP

exports[`<Roadmap /> renders with proper ui and props 1`] = `
<div>
  <div
    class="container lg:px-4 md:pt-14 lg:pt-20"
  >
    <header
      class="flex items-center justify-between bg-indigo-900 md:rounded-10 p-6 md:p-7"
    >
      <div>
        <a
          class="text-sm hover:underline font-bold text-white"
          href="/"
        >
          <svg
            class="mb-1 mr-3"
            height="10"
            width="7"
            xmlns="http://www.w3.org/2000/svg"
          >
            <path
              d="M6 9L2 5l4-4"
              fill="none"
              fill-rule="evenodd"
              stroke="#FFFFFF"
              stroke-width="2"
            />
          </svg>
          Go Back
        </a>
        <h1
          class="text-lg md:text-2xl text-white"
        >
          Roadmap
        </h1>
      </div>
      <a
        class="bg-violet-900 hover:bg-violet-500 text-white text-[13px] md:text-sm font-bold px-6 py-2.5 rounded-10 inline-block min-w-fit"
        href="/feedback/new"
      >
        + Add Feedback
      </a>
    </header>
    <main>
      <nav
        class="roadmap-tags-nav-mobile md:hidden relative"
      >
        <button
          class="text-indigo-800 border-b-4 planned w-1/3 h-14 box-content font-bold text-small"
          type="button"
        >
          Planned
           (
          2
          )
        </button>
        <button
          class="text-indigo-500 w-1/3 h-14 box-content font-bold text-small"
          type="button"
        >
          In Progress
           (
          3
          )
        </button>
        <button
          class="text-indigo-500 w-1/3 h-14 box-content font-bold text-small"
          type="button"
        >
          Live
           (
          1
          )
        </button>
      </nav>
      <section
        class="roadmap-feedbacks-section flex p-6 md:p-0 md:pt-8 md:space-x-2.5 lg:space-x-4 xl:space-x-7"
      >
        <div
          class="hidden md:block w-full md:w-1/3 active-status"
          id="roadmap-section-planned"
        >
          <h2
            class="text-indigo-800 text-lg md:text-sm lg:text-lg"
          >
            Planned
             (
            2
            )
          </h2>
          <p
            class="text-indigo-500 text-small md:text-sm lg:text-base pb-6"
          >
            Ideas priorized for research
          </p>
          <article
            class="roadmap-feedback-card planned rounded-md border-t-6 bg-white p-6 pt-3 mb-4 text-small lg:text-base"
          >
            <p
              class="status text-indigo-500 mb-3"
            >
              Planned
            </p>
            <h3
              class="text-sm lg:text-lg mb-2"
            >
              <a
                class="text-indigo-800 hover:text-blue-900 hover:cursor-pointer"
                href="/feedback/more-comprehensive-reports/detail"
              >
                More comprehensive reports
              </a>
            </h3>
            <p
              class="text-indigo-500"
            >
              It would be great to see a more detailed breakdown of solutions.
            </p>
            <p
              class="w-min rounded-10 bg-indigo-300 px-4 py-1.5 mt-2 mb-4 md:mt-3 lg:text-small font-semibold text-blue-900"
            >
              Feature
            </p>
            <button
              aria-label="upvote"
              class="bg-indigo-300 text-indigo-800 hover:bg-indigo-400 rounded-10 text-[13px] min-w-[70px] py-3 px-4 leading-3 flex-inline justify-evenly relative z-10"
              type="button"
            >
              <svg
                height="7"
                width="10"
                xmlns="http://www.w3.org/2000/svg"
              >
                <path
                  d="M1 6l4-4 4 4"
                  fill="none"
                  fill-rule="evenodd"
                  stroke="#4661E6"
                  stroke-width="2"
                />
              </svg>
              123
            </button>
            <p
              aria-label="comments"
              class="text-indigo-800 comments float-right mt-2 font-bold lg:text-base text-indigo-800"
            >
              2
            </p>
          </article>
          <article
            class="roadmap-feedback-card planned rounded-md border-t-6 bg-white p-6 pt-3 mb-4 text-small lg:text-base"
          >
            <p
              class="status text-indigo-500 mb-3"
            >
              Planned
            </p>
            <h3
              class="text-sm lg:text-lg mb-2"
            >
              <a
                class="text-indigo-800 hover:text-blue-900 hover:cursor-pointer"
                href="/feedback/learning-paths/detail"
              >
                Learning paths
              </a>
            </h3>
            <p
              class="text-indigo-500"
            >
              Sequenced projects for different goals to help people improve.
            </p>
            <p
              class="w-min rounded-10 bg-indigo-300 px-4 py-1.5 mt-2 mb-4 md:mt-3 lg:text-small font-semibold text-blue-900"
            >
              Feature
            </p>
            <button
              aria-label="upvote"
              class="bg-indigo-300 text-indigo-800 hover:bg-indigo-400 rounded-10 text-[13px] min-w-[70px] py-3 px-4 leading-3 flex-inline justify-evenly relative z-10"
              type="button"
            >
              <svg
                height="7"
                width="10"
                xmlns="http://www.w3.org/2000/svg"
              >
                <path
                  d="M1 6l4-4 4 4"
                  fill="none"
                  fill-rule="evenodd"
                  stroke="#4661E6"
                  stroke-width="2"
                />
              </svg>
              28
            </button>
            <p
              aria-label="comments"
              class="text-indigo-800 comments float-right mt-2 font-bold lg:text-base text-indigo-800"
            >
              1
            </p>
          </article>
        </div>
        <div
          class="hidden md:block w-full md:w-1/3 false"
          id="roadmap-section-in-progress"
        >
          <h2
            class="text-indigo-800 text-lg md:text-sm lg:text-lg"
          >
            In Progress
             (
            3
            )
          </h2>
          <p
            class="text-indigo-500 text-small md:text-sm lg:text-base pb-6"
          >
            Features currently being developed
          </p>
          <article
            class="roadmap-feedback-card in-progress rounded-md border-t-6 bg-white p-6 pt-3 mb-4 text-small lg:text-base"
          >
            <p
              class="status text-indigo-500 mb-3"
            >
              In Progress
            </p>
            <h3
              class="text-sm lg:text-lg mb-2"
            >
              <a
                class="text-indigo-800 hover:text-blue-900 hover:cursor-pointer"
                href="/feedback/one-click-portfolio-generation/detail"
              >
                One-click portfolio generation
              </a>
            </h3>
            <p
              class="text-indigo-500"
            >
              Add ability to create professional looking portfolio from profile.
            </p>
            <p
              class="w-min rounded-10 bg-indigo-300 px-4 py-1.5 mt-2 mb-4 md:mt-3 lg:text-small font-semibold text-blue-900"
            >
              Feature
            </p>
            <button
              aria-label="upvote"
              class="bg-indigo-300 text-indigo-800 hover:bg-indigo-400 rounded-10 text-[13px] min-w-[70px] py-3 px-4 leading-3 flex-inline justify-evenly relative z-10"
              type="button"
            >
              <svg
                height="7"
                width="10"
                xmlns="http://www.w3.org/2000/svg"
              >
                <path
                  d="M1 6l4-4 4 4"
                  fill="none"
                  fill-rule="evenodd"
                  stroke="#4661E6"
                  stroke-width="2"
                />
              </svg>
              62
            </button>
            <p
              aria-label="comments"
              class="text-indigo-800 comments float-right mt-2 font-bold lg:text-base text-indigo-800"
            >
              1
            </p>
          </article>
          <article
            class="roadmap-feedback-card in-progress rounded-md border-t-6 bg-white p-6 pt-3 mb-4 text-small lg:text-base"
          >
            <p
              class="status text-indigo-500 mb-3"
            >
              In Progress
            </p>
            <h3
              class="text-sm lg:text-lg mb-2"
            >
              <a
                class="text-indigo-800 hover:text-blue-900 hover:cursor-pointer"
                href="/feedback/bookmark-challenges/detail"
              >
                Bookmark challenges
              </a>
            </h3>
            <p
              class="text-indigo-500"
            >
              Be able to bookmark challenges to take later on.
            </p>
            <p
              class="w-min rounded-10 bg-indigo-300 px-4 py-1.5 mt-2 mb-4 md:mt-3 lg:text-small font-semibold text-blue-900"
            >
              Feature
            </p>
            <button
              aria-label="upvote"
              class="bg-indigo-300 text-indigo-800 hover:bg-indigo-400 rounded-10 text-[13px] min-w-[70px] py-3 px-4 leading-3 flex-inline justify-evenly relative z-10"
              type="button"
            >
              <svg
                height="7"
                width="10"
                xmlns="http://www.w3.org/2000/svg"
              >
                <path
                  d="M1 6l4-4 4 4"
                  fill="none"
                  fill-rule="evenodd"
                  stroke="#4661E6"
                  stroke-width="2"
                />
              </svg>
              31
            </button>
            <p
              aria-label="comments"
              class="text-indigo-800 comments float-right mt-2 font-bold lg:text-base text-indigo-800"
            >
              1
            </p>
          </article>
          <article
            class="roadmap-feedback-card in-progress rounded-md border-t-6 bg-white p-6 pt-3 mb-4 text-small lg:text-base"
          >
            <p
              class="status text-indigo-500 mb-3"
            >
              In Progress
            </p>
            <h3
              class="text-sm lg:text-lg mb-2"
            >
              <a
                class="text-indigo-800 hover:text-blue-900 hover:cursor-pointer"
                href="/feedback/animated-solution-screenshots/detail"
              >
                Animated solution screenshots
              </a>
            </h3>
            <p
              class="text-indigo-500"
            >
              Screenshots of solutions with animations don’t display correctly.
            </p>
            <p
              class="w-min rounded-10 bg-indigo-300 px-4 py-1.5 mt-2 mb-4 md:mt-3 lg:text-small font-semibold text-blue-900"
            >
              Bug
            </p>
            <button
              aria-label="upvote"
              class="bg-indigo-300 text-indigo-800 hover:bg-indigo-400 rounded-10 text-[13px] min-w-[70px] py-3 px-4 leading-3 flex-inline justify-evenly relative z-10"
              type="button"
            >
              <svg
                height="7"
                width="10"
                xmlns="http://www.w3.org/2000/svg"
              >
                <path
                  d="M1 6l4-4 4 4"
                  fill="none"
                  fill-rule="evenodd"
                  stroke="#4661E6"
                  stroke-width="2"
                />
              </svg>
              9
            </button>
            <p
              aria-label="comments"
              class="text-[#898EAC] comments float-right mt-2 font-bold lg:text-base text-indigo-800"
            >
              0
            </p>
          </article>
        </div>
        <div
          class="hidden md:block w-full md:w-1/3 false"
          id="roadmap-section-live"
        >
          <h2
            class="text-indigo-800 text-lg md:text-sm lg:text-lg"
          >
            Live
             (
            1
            )
          </h2>
          <p
            class="text-indigo-500 text-small md:text-sm lg:text-base pb-6"
          >
            Released features
          </p>
          <article
            class="roadmap-feedback-card live rounded-md border-t-6 bg-white p-6 pt-3 mb-4 text-small lg:text-base"
          >
            <p
              class="status text-indigo-500 mb-3"
            >
              Live
            </p>
            <h3
              class="text-sm lg:text-lg mb-2"
            >
              <a
                class="text-indigo-800 hover:text-blue-900 hover:cursor-pointer"
                href="/feedback/add-micro-interactions/detail"
              >
                Add micro-interactions
              </a>
            </h3>
            <p
              class="text-indigo-500"
            >
              Small animations at specific points can add delight.
            </p>
            <p
              class="w-min rounded-10 bg-indigo-300 px-4 py-1.5 mt-2 mb-4 md:mt-3 lg:text-small font-semibold text-blue-900"
            >
              Enhancement
            </p>
            <button
              aria-label="upvote"
              class="bg-indigo-300 text-indigo-800 hover:bg-indigo-400 rounded-10 text-[13px] min-w-[70px] py-3 px-4 leading-3 flex-inline justify-evenly relative z-10"
              type="button"
            >
              <svg
                height="7"
                width="10"
                xmlns="http://www.w3.org/2000/svg"
              >
                <path
                  d="M1 6l4-4 4 4"
                  fill="none"
                  fill-rule="evenodd"
                  stroke="#4661E6"
                  stroke-width="2"
                />
              </svg>
              71
            </button>
            <p
              aria-label="comments"
              class="text-indigo-800 comments float-right mt-2 font-bold lg:text-base text-indigo-800"
            >
              2
            </p>
          </article>
        </div>
      </section>
    </main>
  </div>
</div>
`;
